2026-03-24 15:45:37  #9 sha256:cb0e99e1c6279c9f179f7976d024fda1c3b849fa46ff76e13847c80c817eb348 1.05MB / 9.54MB 2.6s
2026-03-24 15:45:37  #9 sha256:70ac5a6c9d66af403ff117158f63455a25886811524beb3b2a9b58fe167b3729 46.14MB / 205.49MB 5.6s
2026-03-24 15:45:37  #9 sha256:d1520cba0de0cbb68322179eae231685198beddaeca9b37fc68f2f9c0f374130 15.73MB / 42.11MB 4.2s
2026-03-24 15:45:37  #9 sha256:cb0e99e1c6279c9f179f7976d024fda1c3b849fa46ff76e13847c80c817eb348 2.10MB / 9.54MB 2.7s
2026-03-24 15:45:37  #9 sha256:d1520cba0de0cbb68322179eae231685198beddaeca9b37fc68f2f9c0f374130 19.92MB / 42.11MB 4.4s
2026-03-24 15:45:37  #9 sha256:d1520cba0de0cbb68322179eae231685198beddaeca9b37fc68f2f9c0f374130 23.07MB / 42.11MB 4.5s
2026-03-24 15:45:37  #9 sha256:cb0e99e1c6279c9f179f7976d024fda1c3b849fa46ff76e13847c80c817eb348 3.15MB / 9.54MB 3.0s
2026-03-24 15:45:37  #9 sha256:d1520cba0de0cbb68322179eae231685198beddaeca9b37fc68f2f9c0f374130 26.21MB / 42.11MB 4.7s
2026-03-24 15:45:37  #9 sha256:cb0e99e1c6279c9f179f7976d024fda1c3b849fa46ff76e13847c80c817eb348 4.19MB / 9.54MB 3.2s
2026-03-24 15:45:37  #9 sha256:70ac5a6c9d66af403ff117158f63455a25886811524beb3b2a9b58fe167b3729 59.77MB / 205.49MB 6.2s
2026-03-24 15:45:37  #9 sha256:d1520cba0de0cbb68322179eae231685198beddaeca9b37fc68f2f9c0f374130 30.41MB / 42.11MB 4.8s
2026-03-24 15:45:37  #9 sha256:cb0e99e1c6279c9f179f7976d024fda1c3b849fa46ff76e13847c80c817eb348 6.29MB / 9.54MB 3.3s
2026-03-24 15:45:38  #9 sha256:d1520cba0de0cbb68322179eae231685198beddaeca9b37fc68f2f9c0f374130 33.55MB / 42.11MB 5.0s
2026-03-24 15:45:38  #9 sha256:cb0e99e1c6279c9f179f7976d024fda1c3b849fa46ff76e13847c80c817eb348 7.34MB / 9.54MB 3.5s
2026-03-24 15:45:38  #9 sha256:d1520cba0de0cbb68322179eae231685198beddaeca9b37fc68f2f9c0f374130 37.75MB / 42.11MB 5.1s
2026-03-24 15:45:38  #9 sha256:cb0e99e1c6279c9f179f7976d024fda1c3b849fa46ff76e13847c80c817eb348 9.54MB / 9.54MB 3.6s done
2026-03-24 15:45:38  #9 sha256:d1520cba0de0cbb68322179eae231685198beddaeca9b37fc68f2f9c0f374130 42.11MB / 42.11MB 5.3s
2026-03-24 15:45:38  #9 sha256:70ac5a6c9d66af403ff117158f63455a25886811524beb3b2a9b58fe167b3729 73.40MB / 205.49MB 6.8s
2026-03-24 15:45:38  #9 extracting sha256:cb0e99e1c6279c9f179f7976d024fda1c3b849fa46ff76e13847c80c817eb348
2026-03-24 15:45:39  #9 sha256:70ac5a6c9d66af403ff117158f63455a25886811524beb3b2a9b58fe167b3729 83.89MB / 205.49MB 7.2s
2026-03-24 15:45:39  #9 sha256:d1520cba0de0cbb68322179eae231685198beddaeca9b37fc68f2f9c0f374130 42.11MB / 42.11MB 6.0s done
2026-03-24 15:45:39  #9 sha256:70ac5a6c9d66af403ff117158f63455a25886811524beb3b2a9b58fe167b3729 95.42MB / 205.49MB 7.8s
2026-03-24 15:45:39  #9 sha256:70ac5a6c9d66af403ff117158f63455a25886811524beb3b2a9b58fe167b3729 106.95MB / 205.49MB 8.3s
2026-03-24 15:45:40  #9 sha256:70ac5a6c9d66af403ff117158f63455a25886811524beb3b2a9b58fe167b3729 119.54MB / 205.49MB 8.9s
2026-03-24 15:45:41  #9 sha256:70ac5a6c9d66af403ff117158f63455a25886811524beb3b2a9b58fe167b3729 130.02MB / 205.49MB 9.3s
2026-03-24 15:45:41  #9 sha256:70ac5a6c9d66af403ff117158f63455a25886811524beb3b2a9b58fe167b3729 142.61MB / 205.49MB 10.1s
2026-03-24 15:45:42  #9 sha256:70ac5a6c9d66af403ff117158f63455a25886811524beb3b2a9b58fe167b3729 153.09MB / 205.49MB 10.7s
2026-03-24 15:45:42  #9 extracting sha256:cb0e99e1c6279c9f179f7976d024fda1c3b849fa46ff76e13847c80c817eb348 4.0s done
2026-03-24 15:45:42  #9 extracting sha256:59ef0fb7d7f58d27a2822b6ee56dad470f536816489bb53699a6dd5616786065
2026-03-24 15:45:42  #9 sha256:70ac5a6c9d66af403ff117158f63455a25886811524beb3b2a9b58fe167b3729 163.58MB / 205.49MB 11.1s
2026-03-24 15:45:42  #9 extracting sha256:59ef0fb7d7f58d27a2822b6ee56dad470f536816489bb53699a6dd5616786065 0.2s done
2026-03-24 15:45:42  #9 extracting sha256:d1520cba0de0cbb68322179eae231685198beddaeca9b37fc68f2f9c0f374130
2026-03-24 15:45:43  #9 sha256:70ac5a6c9d66af403ff117158f63455a25886811524beb3b2a9b58fe167b3729 176.16MB / 205.49MB 11.6s
2026-03-24 15:45:43  #9 sha256:70ac5a6c9d66af403ff117158f63455a25886811524beb3b2a9b58fe167b3729 187.70MB / 205.49MB 12.2s
2026-03-24 15:45:44  #9 sha256:70ac5a6c9d66af403ff117158f63455a25886811524beb3b2a9b58fe167b3729 198.18MB / 205.49MB 12.6s
2026-03-24 15:45:44  #9 extracting sha256:d1520cba0de0cbb68322179eae231685198beddaeca9b37fc68f2f9c0f374130 1.8s done
2026-03-24 15:45:44  #9 extracting sha256:ea2debf3e1acb14483f60559fcce6815c379fde9ef24d2b71ee4da2ad75773f6 0.0s done
2026-03-24 15:45:44  #9 extracting sha256:81d49b7a1dbbd8d1f00e0d57179b6c8a7a4d369ed32443fef2e01c3f3e6052f0 0.0s done
2026-03-24 15:45:44  #9 extracting sha256:eb7d9231e3ec0a2d3c682c298fa2ae0815713e1ad90314c4e27c7f9928cf9fcd
2026-03-24 15:45:44  #9 sha256:70ac5a6c9d66af403ff117158f63455a25886811524beb3b2a9b58fe167b3729 205.49MB / 205.49MB 12.9s done
2026-03-24 15:45:45  #9 extracting sha256:eb7d9231e3ec0a2d3c682c298fa2ae0815713e1ad90314c4e27c7f9928cf9fcd 0.5s done
2026-03-24 15:45:45  #9 DONE 25.3s
2026-03-24 15:45:45  
2026-03-24 15:45:45  #9 [stage-1 1/5] FROM docker.io/n8nio/n8n:latest@sha256:72e962537379dcefeb63a01397a099576e2e89a365f5a75efb8a5ad5bc5cff6a
2026-03-24 15:45:45  #9 extracting sha256:4f4fb700ef54461cfa02571ae0db9a0dc1e0cdb5577484a6d75e68dc38e8acc1 done
2026-03-24 15:45:45  #9 extracting sha256:70ac5a6c9d66af403ff117158f63455a25886811524beb3b2a9b58fe167b3729
2026-03-24 15:46:35  #9 extracting sha256:70ac5a6c9d66af403ff117158f63455a25886811524beb3b2a9b58fe167b3729 50.1s done
2026-03-24 15:46:35  #9 DONE 75.4s
2026-03-24 15:46:35  
2026-03-24 15:46:35  #9 [stage-1 1/5] FROM docker.io/n8nio/n8n:latest@sha256:72e962537379dcefeb63a01397a099576e2e89a365f5a75efb8a5ad5bc5cff6a
2026-03-24 15:46:35  #9 extracting sha256:71efeaf70ae1ce6de3fb6fe7c53a2bb0e1e1f7ba15d93d947faf7c8195885b72
2026-03-24 15:46:35  #9 extracting sha256:71efeaf70ae1ce6de3fb6fe7c53a2bb0e1e1f7ba15d93d947faf7c8195885b72 0.4s done
2026-03-24 15:46:35  #9 DONE 75.8s
2026-03-24 15:46:35  
2026-03-24 15:46:35  #9 [stage-1 1/5] FROM docker.io/n8nio/n8n:latest@sha256:72e962537379dcefeb63a01397a099576e2e89a365f5a75efb8a5ad5bc5cff6a
2026-03-24 15:46:35  #9 extracting sha256:eb25b8b97ead62b7b64b30b02a68e936bedbf4a830287ddb322a63b755e23827
2026-03-24 15:46:36  #9 extracting sha256:eb25b8b97ead62b7b64b30b02a68e936bedbf4a830287ddb322a63b755e23827 0.5s done
2026-03-24 15:46:36  #9 DONE 76.2s
2026-03-24 15:46:36  
2026-03-24 15:46:36  #12 [stage-1 2/5] COPY --from=builder /tmp/sbin/apk.static /sbin/apk
2026-03-24 15:46:37  #12 DONE 1.2s
2026-03-24 15:46:37  
2026-03-24 15:46:37  #13 [stage-1 3/5] RUN apk --initdb --no-cache         --repository https://dl-cdn.alpinelinux.org/alpine/v3.20/main         --repository https://dl-cdn.alpinelinux.org/alpine/v3.20/community         add python3 py3-pip py3-pandas py3-requests
2026-03-24 15:46:37  #13 0.096 fetch https://dl-cdn.alpinelinux.org/alpine/v3.20/community/x86_64/APKINDEX.tar.gz
2026-03-24 15:46:37  #13 0.260 fetch https://dl-cdn.alpinelinux.org/alpine/v3.20/main/x86_64/APKINDEX.tar.gz
2026-03-24 15:46:37  #13 0.300 fetch https://dl-cdn.alpinelinux.org/alpine/v3.22/main/x86_64/APKINDEX.tar.gz
2026-03-24 15:46:37  #13 0.340 fetch https://dl-cdn.alpinelinux.org/alpine/v3.22/community/x86_64/APKINDEX.tar.gz
2026-03-24 15:46:37  #13 0.726 (1/46) Installing libffi (3.4.8-r0)
2026-03-24 15:46:38  #13 0.746 (2/46) Installing gdbm (1.24-r0)
2026-03-24 15:46:38  #13 0.752 (3/46) Installing mpdecimal (4.0.1-r0)
2026-03-24 15:46:38  #13 0.760 (4/46) Installing libpanelw (6.5_p20250503-r0)
2026-03-24 15:46:38  #13 0.772 (5/46) Installing readline (8.2.13-r1)
2026-03-24 15:46:38  #13 0.784 (6/46) Installing sqlite-libs (3.49.2-r1)
2026-03-24 15:46:38  #13 0.803 (7/46) Installing python3 (3.12.12-r0)
2026-03-24 15:46:38  #13 1.008 (8/46) Installing python3-pycache-pyc0 (3.12.12-r0)
2026-03-24 15:46:38  #13 1.137 (9/46) Installing pyc (3.12.12-r0)
2026-03-24 15:46:38  #13 1.141 (10/46) Installing py3-six (1.17.0-r0)
2026-03-24 15:46:38  #13 1.145 (11/46) Installing py3-six-pyc (1.17.0-r0)
2026-03-24 15:46:38  #13 1.149 (12/46) Installing py3-dateutil-pyc (2.9.0-r1)
2026-03-24 15:46:38  #13 1.157 (13/46) Installing libquadmath (14.2.0-r6)
2026-03-24 15:46:38  #13 1.164 (14/46) Installing libgfortran (14.2.0-r6)
2026-03-24 15:46:38  #13 1.189 (15/46) Installing openblas (0.3.28-r0)
2026-03-24 15:46:38  #13 1.363 (16/46) Installing py3-numpy (2.2.4-r1)
2026-03-24 15:46:38  #13 1.526 (17/46) Installing py3-numpy-tests (2.2.4-r1)
2026-03-24 15:46:38  #13 1.666 (18/46) Installing py3-numpy-pyc (2.2.4-r1)
2026-03-24 15:46:39  #13 1.710 (19/46) Installing py3-tz (2025.2-r0)
2026-03-24 15:46:39  #13 1.822 (20/46) Installing py3-tz-pyc (2025.2-r0)
2026-03-24 15:46:39  #13 1.826 (21/46) Installing py3-attrs (25.3.0-r0)
2026-03-24 15:46:39  #13 1.835 (22/46) Installing py3-attrs-pyc (25.3.0-r0)
2026-03-24 15:46:39  #13 1.842 (23/46) Installing py3-tzdata (2025.2-r0)
2026-03-24 15:46:39  #13 1.954 (24/46) Installing py3-tzdata-pyc (2025.2-r0)
2026-03-24 15:46:39  #13 1.961 (25/46) Installing py3-pandas-pyc (2.2.3-r0)
2026-03-24 15:46:39  #13 2.303 (26/46) Installing python3-pyc (3.12.12-r0)
2026-03-24 15:46:39  #13 2.308 (27/46) Installing py3-dateutil (2.9.0-r1)
2026-03-24 15:46:39  #13 2.318 (28/46) Installing py3-pandas (2.2.3-r0)
2026-03-24 15:46:39  #13 2.540 (29/46) Installing py3-parsing (3.2.5-r0)
2026-03-24 15:46:39  #13 2.547 (30/46) Installing py3-parsing-pyc (3.2.5-r0)
2026-03-24 15:46:39  #13 2.554 (31/46) Installing py3-packaging (25.0-r0)
2026-03-24 15:46:39  #13 2.561 (32/46) Installing py3-packaging-pyc (25.0-r0)
2026-03-24 15:46:39  #13 2.567 (33/46) Installing py3-setuptools (80.9.0-r0)
2026-03-24 15:46:39  #13 2.637 (34/46) Installing py3-setuptools-pyc (80.9.0-r0)
2026-03-24 15:46:39  #13 2.699 (35/46) Installing py3-pip (25.1.1-r0)
2026-03-24 15:46:40  #13 2.877 (36/46) Installing py3-pip-pyc (25.1.1-r0)
2026-03-24 15:46:40  #13 2.953 (37/46) Installing py3-certifi (2025.4.26-r0)
2026-03-24 15:46:40  #13 2.956 (38/46) Installing py3-certifi-pyc (2025.4.26-r0)
2026-03-24 15:46:40  #13 2.960 (39/46) Installing py3-charset-normalizer (3.4.2-r0)
2026-03-24 15:46:40  #13 2.967 (40/46) Installing py3-charset-normalizer-pyc (3.4.2-r0)
2026-03-24 15:46:40  #13 2.973 (41/46) Installing py3-idna (3.10-r0)
2026-03-24 15:46:40  #13 2.979 (42/46) Installing py3-idna-pyc (3.10-r0)
2026-03-24 15:46:40  #13 2.985 (43/46) Installing py3-urllib3 (1.26.20-r1)
2026-03-24 15:46:40  #13 2.995 (44/46) Installing py3-urllib3-pyc (1.26.20-r1)
2026-03-24 15:46:40  #13 3.005 (45/46) Installing py3-requests (2.32.5-r0)
2026-03-24 15:46:40  #13 3.014 (46/46) Installing py3-requests-pyc (2.32.5-r0)
2026-03-24 15:46:40  #13 3.025 Executing busybox-1.37.0-r20.trigger
2026-03-24 15:46:40  #13 3.369 OK: 257 MiB in 106 packages
2026-03-24 15:46:49  #13 DONE 12.1s
2026-03-24 15:46:49  
2026-03-24 15:46:49  #14 [stage-1 4/5] COPY requirements.txt /tmp/requirements.txt
2026-03-24 15:46:49  #14 DONE 0.2s
2026-03-24 15:46:49  
2026-03-24 15:46:49  #15 [stage-1 5/5] RUN if [ -s /tmp/requirements.txt ] && grep -q '[^[:space:]]' /tmp/requirements.txt; then       pip3 install --no-cache-dir --break-system-packages -r /tmp/requirements.txt;     fi
2026-03-24 15:46:50  #15 0.536 Requirement already satisfied: requests in /usr/lib/python3.12/site-packages (from -r /tmp/requirements.txt (line 1)) (2.32.5)
2026-03-24 15:46:50  #15 0.536 Requirement already satisfied: pandas in /usr/lib/python3.12/site-packages (from -r /tmp/requirements.txt (line 2)) (2.2.3)
2026-03-24 15:46:50  #15 0.538 Requirement already satisfied: charset_normalizer<4,>=2 in /usr/lib/python3.12/site-packages (from requests->-r /tmp/requirements.txt (line 1)) (3.4.2)
2026-03-24 15:46:50  #15 0.538 Requirement already satisfied: idna<4,>=2.5 in /usr/lib/python3.12/site-packages (from requests->-r /tmp/requirements.txt (line 1)) (3.10)
2026-03-24 15:46:50  #15 0.539 Requirement already satisfied: urllib3<3,>=1.21.1 in /usr/lib/python3.12/site-packages (from requests->-r /tmp/requirements.txt (line 1)) (1.26.20)
2026-03-24 15:46:50  #15 0.539 Requirement already satisfied: certifi>=2017.4.17 in /usr/lib/python3.12/site-packages (from requests->-r /tmp/requirements.txt (line 1)) (2025.4.26)
2026-03-24 15:46:50  #15 0.550 Requirement already satisfied: numpy>=1.26.0 in /usr/lib/python3.12/site-packages (from pandas->-r /tmp/requirements.txt (line 2)) (2.2.4)
2026-03-24 15:46:50  #15 0.552 Requirement already satisfied: python-dateutil>=2.8.2 in /usr/lib/python3.12/site-packages (from pandas->-r /tmp/requirements.txt (line 2)) (2.9.0)
2026-03-24 15:46:50  #15 0.552 Requirement already satisfied: pytz>=2020.1 in /usr/lib/python3.12/site-packages (from pandas->-r /tmp/requirements.txt (line 2)) (2025.2)
2026-03-24 15:46:50  #15 0.553 Requirement already satisfied: tzdata>=2022.7 in /usr/lib/python3.12/site-packages (from pandas->-r /tmp/requirements.txt (line 2)) (2025.2)
2026-03-24 15:46:50  #15 0.566 Requirement already satisfied: six>=1.5 in /usr/lib/python3.12/site-packages (from python-dateutil>=2.8.2->pandas->-r /tmp/requirements.txt (line 2)) (1.17.0)
2026-03-24 15:46:50  #15 0.599 WARNING: Running pip as the 'root' user can result in broken permissions and conflicting behaviour with the system package manager, possibly rendering your system unusable. It is recommended to use a virtual environment instead: https://pip.pypa.io/warnings/venv. Use the --root-user-action option if you know what you are doing and want to suppress this warning.
2026-03-24 15:46:50  #15 DONE 0.7s
2026-03-24 15:46:50  
2026-03-24 15:46:50  #16 exporting to docker image format
2026-03-24 15:46:50  #16 exporting layers
2026-03-24 15:46:58  #16 exporting layers 8.6s done
2026-03-24 15:46:58  #16 exporting manifest sha256:98857a2e6386afabfc96ea513844ceb9929b03b36dad111ab30edbb4383ed416
2026-03-24 15:46:59  #16 exporting manifest sha256:98857a2e6386afabfc96ea513844ceb9929b03b36dad111ab30edbb4383ed416 0.2s done
2026-03-24 15:46:59  #16 exporting config sha256:958646b2562b3be4e9998e72d305c8405bfb8da27f0714111e3ebbf07f68453f
2026-03-24 15:46:59  #16 exporting config sha256:958646b2562b3be4e9998e72d305c8405bfb8da27f0714111e3ebbf07f68453f 0.3s done
2026-03-24 15:47:01  #16 DONE 11.4s
2026-03-24 15:47:01  
2026-03-24 15:47:01  #17 exporting cache to client directory
2026-03-24 15:47:01  #17 preparing build cache for export
2026-03-24 15:47:08  #17 writing cache image manifest sha256:85488100321fb0850f78ef4a8ddbda8212aec34bf59f2e75352bb2a7deb7ec04 done
2026-03-24 15:47:08  #17 DONE 6.4s
2026-03-24 15:47:09  Pushing image to registry...
2026-03-24 15:47:16  Upload succeeded
