2026-03-24 15:23:13  #5 [internal] load build context
2026-03-24 15:23:13  #5 DONE 0.0s
2026-03-24 15:23:13  
2026-03-24 15:23:13  #6 [1/4] FROM docker.io/n8nio/n8n:latest@sha256:72e962537379dcefeb63a01397a099576e2e89a365f5a75efb8a5ad5bc5cff6a
2026-03-24 15:23:13  #6 resolve docker.io/n8nio/n8n:latest@sha256:72e962537379dcefeb63a01397a099576e2e89a365f5a75efb8a5ad5bc5cff6a
2026-03-24 15:23:13  #6 resolve docker.io/n8nio/n8n:latest@sha256:72e962537379dcefeb63a01397a099576e2e89a365f5a75efb8a5ad5bc5cff6a 0.4s done
2026-03-24 15:23:16  #6 ...
2026-03-24 15:23:16  
2026-03-24 15:23:16  #5 [internal] load build context
2026-03-24 15:23:16  #5 transferring context: 328B done
2026-03-24 15:23:16  #5 DONE 3.5s
2026-03-24 15:23:17  
2026-03-24 15:23:17  #6 [1/4] FROM docker.io/n8nio/n8n:latest@sha256:72e962537379dcefeb63a01397a099576e2e89a365f5a75efb8a5ad5bc5cff6a
2026-03-24 15:23:17  #6 DONE 4.7s
2026-03-24 15:23:17  
2026-03-24 15:23:17  #6 [1/4] FROM docker.io/n8nio/n8n:latest@sha256:72e962537379dcefeb63a01397a099576e2e89a365f5a75efb8a5ad5bc5cff6a
2026-03-24 15:23:17  #6 sha256:eb25b8b97ead62b7b64b30b02a68e936bedbf4a830287ddb322a63b755e23827 0B / 247B 0.2s
2026-03-24 15:23:18  #6 sha256:71efeaf70ae1ce6de3fb6fe7c53a2bb0e1e1f7ba15d93d947faf7c8195885b72 0B / 311B 0.2s
2026-03-24 15:23:18  #6 sha256:70ac5a6c9d66af403ff117158f63455a25886811524beb3b2a9b58fe167b3729 0B / 205.49MB 0.2s
2026-03-24 15:23:18  #6 sha256:4f4fb700ef54461cfa02571ae0db9a0dc1e0cdb5577484a6d75e68dc38e8acc1 0B / 32B 0.2s
2026-03-24 15:23:18  #6 sha256:eb25b8b97ead62b7b64b30b02a68e936bedbf4a830287ddb322a63b755e23827 247B / 247B 1.1s done
2026-03-24 15:23:18  #6 sha256:4f4fb700ef54461cfa02571ae0db9a0dc1e0cdb5577484a6d75e68dc38e8acc1 32B / 32B 1.1s done
2026-03-24 15:23:19  #6 sha256:71efeaf70ae1ce6de3fb6fe7c53a2bb0e1e1f7ba15d93d947faf7c8195885b72 311B / 311B 1.3s done
2026-03-24 15:23:19  #6 sha256:eb7d9231e3ec0a2d3c682c298fa2ae0815713e1ad90314c4e27c7f9928cf9fcd 0B / 20.30MB 0.2s
2026-03-24 15:23:19  #6 sha256:81d49b7a1dbbd8d1f00e0d57179b6c8a7a4d369ed32443fef2e01c3f3e6052f0 0B / 6.08kB 0.2s
2026-03-24 15:23:19  #6 sha256:ea2debf3e1acb14483f60559fcce6815c379fde9ef24d2b71ee4da2ad75773f6 0B / 77B 0.2s
2026-03-24 15:23:19  #6 sha256:ea2debf3e1acb14483f60559fcce6815c379fde9ef24d2b71ee4da2ad75773f6 77B / 77B 0.3s
2026-03-24 15:23:19  #6 sha256:ea2debf3e1acb14483f60559fcce6815c379fde9ef24d2b71ee4da2ad75773f6 77B / 77B 0.4s done
2026-03-24 15:23:19  #6 sha256:d1520cba0de0cbb68322179eae231685198beddaeca9b37fc68f2f9c0f374130 0B / 42.11MB 0.2s
2026-03-24 15:23:20  #6 sha256:81d49b7a1dbbd8d1f00e0d57179b6c8a7a4d369ed32443fef2e01c3f3e6052f0 6.08kB / 6.08kB 1.4s done
2026-03-24 15:23:20  #6 sha256:59ef0fb7d7f58d27a2822b6ee56dad470f536816489bb53699a6dd5616786065 0B / 376B 0.2s
2026-03-24 15:23:20  #6 sha256:59ef0fb7d7f58d27a2822b6ee56dad470f536816489bb53699a6dd5616786065 376B / 376B 0.3s done
2026-03-24 15:23:20  #6 sha256:cb0e99e1c6279c9f179f7976d024fda1c3b849fa46ff76e13847c80c817eb348 0B / 9.54MB 0.2s
2026-03-24 15:23:21  #6 sha256:eb7d9231e3ec0a2d3c682c298fa2ae0815713e1ad90314c4e27c7f9928cf9fcd 1.05MB / 20.30MB 2.6s
2026-03-24 15:23:21  #6 sha256:eb7d9231e3ec0a2d3c682c298fa2ae0815713e1ad90314c4e27c7f9928cf9fcd 2.10MB / 20.30MB 2.7s
2026-03-24 15:23:21  #6 sha256:eb7d9231e3ec0a2d3c682c298fa2ae0815713e1ad90314c4e27c7f9928cf9fcd 3.15MB / 20.30MB 2.9s
2026-03-24 15:23:21  #6 sha256:eb7d9231e3ec0a2d3c682c298fa2ae0815713e1ad90314c4e27c7f9928cf9fcd 5.24MB / 20.30MB 3.0s
2026-03-24 15:23:22  #6 sha256:eb7d9231e3ec0a2d3c682c298fa2ae0815713e1ad90314c4e27c7f9928cf9fcd 7.34MB / 20.30MB 3.2s
2026-03-24 15:23:22  #6 sha256:70ac5a6c9d66af403ff117158f63455a25886811524beb3b2a9b58fe167b3729 10.49MB / 205.49MB 4.5s
2026-03-24 15:23:22  #6 sha256:eb7d9231e3ec0a2d3c682c298fa2ae0815713e1ad90314c4e27c7f9928cf9fcd 10.49MB / 20.30MB 3.3s
2026-03-24 15:23:22  #6 sha256:eb7d9231e3ec0a2d3c682c298fa2ae0815713e1ad90314c4e27c7f9928cf9fcd 13.63MB / 20.30MB 3.5s
2026-03-24 15:23:22  #6 sha256:eb7d9231e3ec0a2d3c682c298fa2ae0815713e1ad90314c4e27c7f9928cf9fcd 16.78MB / 20.30MB 3.6s
2026-03-24 15:23:22  #6 sha256:70ac5a6c9d66af403ff117158f63455a25886811524beb3b2a9b58fe167b3729 22.02MB / 205.49MB 5.0s
2026-03-24 15:23:22  #6 sha256:eb7d9231e3ec0a2d3c682c298fa2ae0815713e1ad90314c4e27c7f9928cf9fcd 20.30MB / 20.30MB 3.7s done
2026-03-24 15:23:22  #6 sha256:cb0e99e1c6279c9f179f7976d024fda1c3b849fa46ff76e13847c80c817eb348 1.05MB / 9.54MB 2.1s
2026-03-24 15:23:22  #6 sha256:cb0e99e1c6279c9f179f7976d024fda1c3b849fa46ff76e13847c80c817eb348 2.10MB / 9.54MB 2.3s
2026-03-24 15:23:22  #6 sha256:22b37da5853a24b299827489e955a93c66cb1554ed5c7bde43f43bef67882ee7 0B / 1.88kB 0.2s
2026-03-24 15:23:22  #6 sha256:d1520cba0de0cbb68322179eae231685198beddaeca9b37fc68f2f9c0f374130 3.15MB / 42.11MB 3.5s
2026-03-24 15:23:22  #6 sha256:cb0e99e1c6279c9f179f7976d024fda1c3b849fa46ff76e13847c80c817eb348 4.19MB / 9.54MB 2.4s
2026-03-24 15:23:23  #6 sha256:70ac5a6c9d66af403ff117158f63455a25886811524beb3b2a9b58fe167b3729 33.55MB / 205.49MB 5.4s
2026-03-24 15:23:23  #6 sha256:cb0e99e1c6279c9f179f7976d024fda1c3b849fa46ff76e13847c80c817eb348 7.34MB / 9.54MB 2.6s
2026-03-24 15:23:23  #6 sha256:22b37da5853a24b299827489e955a93c66cb1554ed5c7bde43f43bef67882ee7 1.88kB / 1.88kB 0.5s done
2026-03-24 15:23:23  #6 extracting sha256:22b37da5853a24b299827489e955a93c66cb1554ed5c7bde43f43bef67882ee7 0.0s done
2026-03-24 15:23:23  #6 sha256:d1520cba0de0cbb68322179eae231685198beddaeca9b37fc68f2f9c0f374130 7.34MB / 42.11MB 3.8s
2026-03-24 15:23:23  #6 sha256:cb0e99e1c6279c9f179f7976d024fda1c3b849fa46ff76e13847c80c817eb348 9.54MB / 9.54MB 2.6s done
2026-03-24 15:23:23  #6 extracting sha256:cb0e99e1c6279c9f179f7976d024fda1c3b849fa46ff76e13847c80c817eb348
2026-03-24 15:23:23  #6 sha256:d1520cba0de0cbb68322179eae231685198beddaeca9b37fc68f2f9c0f374130 10.49MB / 42.11MB 3.9s
2026-03-24 15:23:23  #6 sha256:70ac5a6c9d66af403ff117158f63455a25886811524beb3b2a9b58fe167b3729 44.04MB / 205.49MB 5.9s
2026-03-24 15:23:23  #6 sha256:d1520cba0de0cbb68322179eae231685198beddaeca9b37fc68f2f9c0f374130 12.94MB / 42.11MB 4.1s
2026-03-24 15:23:23  #6 sha256:d1520cba0de0cbb68322179eae231685198beddaeca9b37fc68f2f9c0f374130 17.15MB / 42.11MB 4.2s
2026-03-24 15:23:24  #6 sha256:70ac5a6c9d66af403ff117158f63455a25886811524beb3b2a9b58fe167b3729 54.53MB / 205.49MB 6.3s
2026-03-24 15:23:24  #6 sha256:d1520cba0de0cbb68322179eae231685198beddaeca9b37fc68f2f9c0f374130 25.17MB / 42.11MB 4.5s
2026-03-24 15:23:24  #6 sha256:d1520cba0de0cbb68322179eae231685198beddaeca9b37fc68f2f9c0f374130 29.36MB / 42.11MB 4.7s
2026-03-24 15:23:24  #6 sha256:d1520cba0de0cbb68322179eae231685198beddaeca9b37fc68f2f9c0f374130 32.51MB / 42.11MB 4.8s
2026-03-24 15:23:24  #6 sha256:70ac5a6c9d66af403ff117158f63455a25886811524beb3b2a9b58fe167b3729 65.01MB / 205.49MB 6.8s
2026-03-24 15:23:24  #6 sha256:d1520cba0de0cbb68322179eae231685198beddaeca9b37fc68f2f9c0f374130 35.65MB / 42.11MB 5.0s
2026-03-24 15:23:24  #6 sha256:d1520cba0de0cbb68322179eae231685198beddaeca9b37fc68f2f9c0f374130 39.85MB / 42.11MB 5.1s
2026-03-24 15:23:24  #6 sha256:d1520cba0de0cbb68322179eae231685198beddaeca9b37fc68f2f9c0f374130 42.11MB / 42.11MB 5.3s
2026-03-24 15:23:25  #6 sha256:70ac5a6c9d66af403ff117158f63455a25886811524beb3b2a9b58fe167b3729 79.69MB / 205.49MB 7.4s
2026-03-24 15:23:25  #6 sha256:d1520cba0de0cbb68322179eae231685198beddaeca9b37fc68f2f9c0f374130 42.11MB / 42.11MB 5.8s done
2026-03-24 15:23:25  #6 sha256:70ac5a6c9d66af403ff117158f63455a25886811524beb3b2a9b58fe167b3729 91.23MB / 205.49MB 7.8s
2026-03-24 15:23:25  #6 sha256:70ac5a6c9d66af403ff117158f63455a25886811524beb3b2a9b58fe167b3729 102.76MB / 205.49MB 8.3s
2026-03-24 15:23:26  #6 sha256:70ac5a6c9d66af403ff117158f63455a25886811524beb3b2a9b58fe167b3729 114.29MB / 205.49MB 8.9s
2026-03-24 15:23:27  #6 sha256:70ac5a6c9d66af403ff117158f63455a25886811524beb3b2a9b58fe167b3729 126.88MB / 205.49MB 9.5s
2026-03-24 15:23:27  #6 sha256:70ac5a6c9d66af403ff117158f63455a25886811524beb3b2a9b58fe167b3729 137.36MB / 205.49MB 9.9s
2026-03-24 15:23:28  #6 sha256:70ac5a6c9d66af403ff117158f63455a25886811524beb3b2a9b58fe167b3729 149.95MB / 205.49MB 10.7s
2026-03-24 15:23:28  #6 sha256:70ac5a6c9d66af403ff117158f63455a25886811524beb3b2a9b58fe167b3729 161.48MB / 205.49MB 11.3s
2026-03-24 15:23:29  #6 sha256:70ac5a6c9d66af403ff117158f63455a25886811524beb3b2a9b58fe167b3729 176.16MB / 205.49MB 12.0s
2026-03-24 15:23:30  #6 sha256:70ac5a6c9d66af403ff117158f63455a25886811524beb3b2a9b58fe167b3729 190.84MB / 205.49MB 12.6s
2026-03-24 15:23:31  #6 sha256:70ac5a6c9d66af403ff117158f63455a25886811524beb3b2a9b58fe167b3729 203.42MB / 205.49MB 13.5s
2026-03-24 15:23:32  #6 sha256:70ac5a6c9d66af403ff117158f63455a25886811524beb3b2a9b58fe167b3729 205.49MB / 205.49MB 14.1s done
2026-03-24 15:23:37  #6 extracting sha256:cb0e99e1c6279c9f179f7976d024fda1c3b849fa46ff76e13847c80c817eb348 14.3s done
2026-03-24 15:23:37  #6 DONE 24.5s
2026-03-24 15:23:37  
2026-03-24 15:23:37  #6 [1/4] FROM docker.io/n8nio/n8n:latest@sha256:72e962537379dcefeb63a01397a099576e2e89a365f5a75efb8a5ad5bc5cff6a
2026-03-24 15:23:37  #6 extracting sha256:59ef0fb7d7f58d27a2822b6ee56dad470f536816489bb53699a6dd5616786065
2026-03-24 15:23:41  #6 extracting sha256:59ef0fb7d7f58d27a2822b6ee56dad470f536816489bb53699a6dd5616786065 4.0s done
2026-03-24 15:23:41  #6 DONE 28.5s
2026-03-24 15:23:41  
2026-03-24 15:23:41  #6 [1/4] FROM docker.io/n8nio/n8n:latest@sha256:72e962537379dcefeb63a01397a099576e2e89a365f5a75efb8a5ad5bc5cff6a
2026-03-24 15:23:41  #6 extracting sha256:d1520cba0de0cbb68322179eae231685198beddaeca9b37fc68f2f9c0f374130
2026-03-24 15:23:46  #6 extracting sha256:d1520cba0de0cbb68322179eae231685198beddaeca9b37fc68f2f9c0f374130 5.1s done
2026-03-24 15:23:46  #6 DONE 33.6s
2026-03-24 15:23:46  
2026-03-24 15:23:46  #6 [1/4] FROM docker.io/n8nio/n8n:latest@sha256:72e962537379dcefeb63a01397a099576e2e89a365f5a75efb8a5ad5bc5cff6a
2026-03-24 15:23:46  #6 extracting sha256:ea2debf3e1acb14483f60559fcce6815c379fde9ef24d2b71ee4da2ad75773f6
2026-03-24 15:23:50  #6 extracting sha256:ea2debf3e1acb14483f60559fcce6815c379fde9ef24d2b71ee4da2ad75773f6 3.5s done
2026-03-24 15:23:50  #6 DONE 37.1s
2026-03-24 15:23:50  
2026-03-24 15:23:50  #6 [1/4] FROM docker.io/n8nio/n8n:latest@sha256:72e962537379dcefeb63a01397a099576e2e89a365f5a75efb8a5ad5bc5cff6a
2026-03-24 15:23:50  #6 extracting sha256:81d49b7a1dbbd8d1f00e0d57179b6c8a7a4d369ed32443fef2e01c3f3e6052f0
2026-03-24 15:23:53  #6 extracting sha256:81d49b7a1dbbd8d1f00e0d57179b6c8a7a4d369ed32443fef2e01c3f3e6052f0 3.0s done
2026-03-24 15:23:53  #6 DONE 40.1s
2026-03-24 15:23:53  
2026-03-24 15:23:53  #6 [1/4] FROM docker.io/n8nio/n8n:latest@sha256:72e962537379dcefeb63a01397a099576e2e89a365f5a75efb8a5ad5bc5cff6a
2026-03-24 15:23:53  #6 extracting sha256:eb7d9231e3ec0a2d3c682c298fa2ae0815713e1ad90314c4e27c7f9928cf9fcd
2026-03-24 15:23:56  #6 extracting sha256:eb7d9231e3ec0a2d3c682c298fa2ae0815713e1ad90314c4e27c7f9928cf9fcd 3.0s done
2026-03-24 15:23:56  #6 DONE 43.1s
2026-03-24 15:23:56  
2026-03-24 15:23:56  #6 [1/4] FROM docker.io/n8nio/n8n:latest@sha256:72e962537379dcefeb63a01397a099576e2e89a365f5a75efb8a5ad5bc5cff6a
2026-03-24 15:23:56  #6 extracting sha256:4f4fb700ef54461cfa02571ae0db9a0dc1e0cdb5577484a6d75e68dc38e8acc1
2026-03-24 15:23:57  #6 extracting sha256:4f4fb700ef54461cfa02571ae0db9a0dc1e0cdb5577484a6d75e68dc38e8acc1 1.8s done
2026-03-24 15:23:57  #6 DONE 44.9s
2026-03-24 15:23:58  
2026-03-24 15:23:58  #6 [1/4] FROM docker.io/n8nio/n8n:latest@sha256:72e962537379dcefeb63a01397a099576e2e89a365f5a75efb8a5ad5bc5cff6a
2026-03-24 15:24:01  #6 extracting sha256:4f4fb700ef54461cfa02571ae0db9a0dc1e0cdb5577484a6d75e68dc38e8acc1 3.4s done
2026-03-24 15:24:01  #6 DONE 48.3s
2026-03-24 15:24:01  
2026-03-24 15:24:01  #6 [1/4] FROM docker.io/n8nio/n8n:latest@sha256:72e962537379dcefeb63a01397a099576e2e89a365f5a75efb8a5ad5bc5cff6a
2026-03-24 15:24:01  #6 extracting sha256:70ac5a6c9d66af403ff117158f63455a25886811524beb3b2a9b58fe167b3729
2026-03-24 15:26:14  #6 extracting sha256:70ac5a6c9d66af403ff117158f63455a25886811524beb3b2a9b58fe167b3729 133.0s done
2026-03-24 15:26:14  #6 DONE 181.3s
2026-03-24 15:26:14  
2026-03-24 15:26:14  #6 [1/4] FROM docker.io/n8nio/n8n:latest@sha256:72e962537379dcefeb63a01397a099576e2e89a365f5a75efb8a5ad5bc5cff6a
2026-03-24 15:26:14  #6 extracting sha256:71efeaf70ae1ce6de3fb6fe7c53a2bb0e1e1f7ba15d93d947faf7c8195885b72
2026-03-24 15:26:16  #6 extracting sha256:71efeaf70ae1ce6de3fb6fe7c53a2bb0e1e1f7ba15d93d947faf7c8195885b72 2.1s done
2026-03-24 15:26:16  #6 DONE 183.4s
2026-03-24 15:26:16  
2026-03-24 15:26:16  #6 [1/4] FROM docker.io/n8nio/n8n:latest@sha256:72e962537379dcefeb63a01397a099576e2e89a365f5a75efb8a5ad5bc5cff6a
2026-03-24 15:26:16  #6 extracting sha256:eb25b8b97ead62b7b64b30b02a68e936bedbf4a830287ddb322a63b755e23827
2026-03-24 15:26:17  #6 extracting sha256:eb25b8b97ead62b7b64b30b02a68e936bedbf4a830287ddb322a63b755e23827 0.7s done
2026-03-24 15:26:17  #6 DONE 184.1s
2026-03-24 15:26:17  
2026-03-24 15:26:17  #7 [2/4] RUN apk add --update --no-cache python3 py3-pip py3-pandas py3-requests
2026-03-24 15:26:17  #7 0.079 /bin/sh: apk: not found
2026-03-24 15:26:17  #7 ERROR: process "/bin/sh -c apk add --update --no-cache python3 py3-pip py3-pandas py3-requests" did not complete successfully: exit code: 127
2026-03-24 15:26:17  ------
2026-03-24 15:26:17   > [2/4] RUN apk add --update --no-cache python3 py3-pip py3-pandas py3-requests:
2026-03-24 15:26:17  0.079 /bin/sh: apk: not found
2026-03-24 15:26:17  ------
2026-03-24 15:26:17  Dockerfile:9
2026-03-24 15:26:17  --------------------
2026-03-24 15:26:17     7 |     # Install Python3, pip, and commonly compiled packages via Alpine's package manager
2026-03-24 15:26:17     8 |     # Installing pandas/numpy via pip on Alpine fails due to missing C compilers.
2026-03-24 15:26:17     9 | >>> RUN apk add --update --no-cache python3 py3-pip py3-pandas py3-requests
2026-03-24 15:26:17    10 |     
2026-03-24 15:26:17    11 |     # Copy requirements and install pure Python packages
2026-03-24 15:26:17  --------------------
2026-03-24 15:26:17  error: failed to solve: process "/bin/sh -c apk add --update --no-cache python3 py3-pip py3-pandas py3-requests" did not complete successfully: exit code: 127
2026-03-24 15:26:17  error: exit status 1
2026-03-24 15:31:56  
2026-03-24 15:31:56  #4 [internal] load .dockerignore
2026-03-24 15:31:56  #4 transferring context:
2026-03-24 15:31:56  #4 transferring context: 85B done
2026-03-24 15:31:56  #4 DONE 0.5s
2026-03-24 15:31:56  
2026-03-24 15:31:56  #5 [internal] load build context
2026-03-24 15:31:56  #5 DONE 0.0s
2026-03-24 15:31:56  
2026-03-24 15:31:56  #6 [1/4] FROM docker.io/n8nio/n8n:latest@sha256:72e962537379dcefeb63a01397a099576e2e89a365f5a75efb8a5ad5bc5cff6a
2026-03-24 15:31:56  #6 resolve docker.io/n8nio/n8n:latest@sha256:72e962537379dcefeb63a01397a099576e2e89a365f5a75efb8a5ad5bc5cff6a 0.1s done
2026-03-24 15:31:59  #6 ...
2026-03-24 15:31:59  
2026-03-24 15:31:59  #5 [internal] load build context
2026-03-24 15:31:59  #5 transferring context: 59B 0.0s done
2026-03-24 15:31:59  #5 DONE 2.3s
2026-03-24 15:31:59  
2026-03-24 15:31:59  #6 [1/4] FROM docker.io/n8nio/n8n:latest@sha256:72e962537379dcefeb63a01397a099576e2e89a365f5a75efb8a5ad5bc5cff6a
2026-03-24 15:32:01  #6 DONE 4.9s
2026-03-24 15:32:01  
2026-03-24 15:32:01  #6 [1/4] FROM docker.io/n8nio/n8n:latest@sha256:72e962537379dcefeb63a01397a099576e2e89a365f5a75efb8a5ad5bc5cff6a
2026-03-24 15:32:01  #6 sha256:eb25b8b97ead62b7b64b30b02a68e936bedbf4a830287ddb322a63b755e23827 0B / 247B 0.2s
2026-03-24 15:32:01  #6 sha256:71efeaf70ae1ce6de3fb6fe7c53a2bb0e1e1f7ba15d93d947faf7c8195885b72 0B / 311B 0.2s
2026-03-24 15:32:01  #6 sha256:4f4fb700ef54461cfa02571ae0db9a0dc1e0cdb5577484a6d75e68dc38e8acc1 0B / 32B 0.2s
2026-03-24 15:32:01  #6 sha256:70ac5a6c9d66af403ff117158f63455a25886811524beb3b2a9b58fe167b3729 0B / 205.49MB 0.2s
2026-03-24 15:32:02  #6 sha256:eb25b8b97ead62b7b64b30b02a68e936bedbf4a830287ddb322a63b755e23827 247B / 247B 1.2s
2026-03-24 15:32:02  #6 sha256:eb25b8b97ead62b7b64b30b02a68e936bedbf4a830287ddb322a63b755e23827 247B / 247B 1.2s done
2026-03-24 15:32:02  #6 sha256:4f4fb700ef54461cfa02571ae0db9a0dc1e0cdb5577484a6d75e68dc38e8acc1 32B / 32B 1.2s done
2026-03-24 15:32:02  #6 sha256:71efeaf70ae1ce6de3fb6fe7c53a2bb0e1e1f7ba15d93d947faf7c8195885b72 311B / 311B 1.3s done
2026-03-24 15:32:02  #6 sha256:eb7d9231e3ec0a2d3c682c298fa2ae0815713e1ad90314c4e27c7f9928cf9fcd 0B / 20.30MB 0.2s
2026-03-24 15:32:02  #6 sha256:81d49b7a1dbbd8d1f00e0d57179b6c8a7a4d369ed32443fef2e01c3f3e6052f0 0B / 6.08kB 0.2s
2026-03-24 15:32:03  #6 sha256:ea2debf3e1acb14483f60559fcce6815c379fde9ef24d2b71ee4da2ad75773f6 0B / 77B 0.2s
2026-03-24 15:32:03  #6 sha256:ea2debf3e1acb14483f60559fcce6815c379fde9ef24d2b71ee4da2ad75773f6 77B / 77B 0.5s
2026-03-24 15:32:03  #6 sha256:ea2debf3e1acb14483f60559fcce6815c379fde9ef24d2b71ee4da2ad75773f6 77B / 77B 0.5s done
2026-03-24 15:32:03  #6 sha256:59ef0fb7d7f58d27a2822b6ee56dad470f536816489bb53699a6dd5616786065 0B / 376B 0.2s
2026-03-24 15:32:04  #6 sha256:59ef0fb7d7f58d27a2822b6ee56dad470f536816489bb53699a6dd5616786065 376B / 376B 0.6s
2026-03-24 15:32:04  #6 sha256:81d49b7a1dbbd8d1f00e0d57179b6c8a7a4d369ed32443fef2e01c3f3e6052f0 6.08kB / 6.08kB 1.5s
2026-03-24 15:32:04  #6 sha256:81d49b7a1dbbd8d1f00e0d57179b6c8a7a4d369ed32443fef2e01c3f3e6052f0 6.08kB / 6.08kB 1.7s done
2026-03-24 15:32:04  #6 sha256:59ef0fb7d7f58d27a2822b6ee56dad470f536816489bb53699a6dd5616786065 376B / 376B 0.7s done
2026-03-24 15:32:04  #6 sha256:d1520cba0de0cbb68322179eae231685198beddaeca9b37fc68f2f9c0f374130 0B / 42.11MB 0.2s
2026-03-24 15:32:04  #6 sha256:cb0e99e1c6279c9f179f7976d024fda1c3b849fa46ff76e13847c80c817eb348 0B / 9.54MB 0.2s
2026-03-24 15:32:05  #6 sha256:eb7d9231e3ec0a2d3c682c298fa2ae0815713e1ad90314c4e27c7f9928cf9fcd 1.05MB / 20.30MB 2.7s
2026-03-24 15:32:05  #6 sha256:eb7d9231e3ec0a2d3c682c298fa2ae0815713e1ad90314c4e27c7f9928cf9fcd 2.10MB / 20.30MB 3.0s
2026-03-24 15:32:05  #6 sha256:70ac5a6c9d66af403ff117158f63455a25886811524beb3b2a9b58fe167b3729 10.49MB / 205.49MB 4.4s
2026-03-24 15:32:05  #6 sha256:eb7d9231e3ec0a2d3c682c298fa2ae0815713e1ad90314c4e27c7f9928cf9fcd 3.15MB / 20.30MB 3.2s
2026-03-24 15:32:06  #6 sha256:eb7d9231e3ec0a2d3c682c298fa2ae0815713e1ad90314c4e27c7f9928cf9fcd 4.19MB / 20.30MB 3.3s
2026-03-24 15:32:06  #6 sha256:eb7d9231e3ec0a2d3c682c298fa2ae0815713e1ad90314c4e27c7f9928cf9fcd 6.29MB / 20.30MB 3.5s
2026-03-24 15:32:06  #6 sha256:70ac5a6c9d66af403ff117158f63455a25886811524beb3b2a9b58fe167b3729 20.97MB / 205.49MB 4.8s
2026-03-24 15:32:06  #6 sha256:eb7d9231e3ec0a2d3c682c298fa2ae0815713e1ad90314c4e27c7f9928cf9fcd 9.44MB / 20.30MB 3.6s
2026-03-24 15:32:06  #6 sha256:cb0e99e1c6279c9f179f7976d024fda1c3b849fa46ff76e13847c80c817eb348 1.05MB / 9.54MB 1.8s
2026-03-24 15:32:06  #6 sha256:eb7d9231e3ec0a2d3c682c298fa2ae0815713e1ad90314c4e27c7f9928cf9fcd 10.49MB / 20.30MB 3.8s
2026-03-24 15:32:06  #6 sha256:eb7d9231e3ec0a2d3c682c298fa2ae0815713e1ad90314c4e27c7f9928cf9fcd 14.68MB / 20.30MB 3.9s
2026-03-24 15:32:06  #6 sha256:cb0e99e1c6279c9f179f7976d024fda1c3b849fa46ff76e13847c80c817eb348 2.10MB / 9.54MB 2.1s
2026-03-24 15:32:06  #6 sha256:eb7d9231e3ec0a2d3c682c298fa2ae0815713e1ad90314c4e27c7f9928cf9fcd 17.83MB / 20.30MB 4.1s
2026-03-24 15:32:06  #6 sha256:d1520cba0de0cbb68322179eae231685198beddaeca9b37fc68f2f9c0f374130 3.15MB / 42.11MB 2.4s
2026-03-24 15:32:06  #6 sha256:70ac5a6c9d66af403ff117158f63455a25886811524beb3b2a9b58fe167b3729 33.55MB / 205.49MB 5.4s
2026-03-24 15:32:06  #6 sha256:eb7d9231e3ec0a2d3c682c298fa2ae0815713e1ad90314c4e27c7f9928cf9fcd 20.30MB / 20.30MB 4.2s
2026-03-24 15:32:06  #6 sha256:cb0e99e1c6279c9f179f7976d024fda1c3b849fa46ff76e13847c80c817eb348 3.15MB / 9.54MB 2.4s
2026-03-24 15:32:07  #6 sha256:d1520cba0de0cbb68322179eae231685198beddaeca9b37fc68f2f9c0f374130 6.29MB / 42.11MB 2.7s
2026-03-24 15:32:07  #6 sha256:cb0e99e1c6279c9f179f7976d024fda1c3b849fa46ff76e13847c80c817eb348 5.24MB / 9.54MB 2.6s
2026-03-24 15:32:07  #6 sha256:cb0e99e1c6279c9f179f7976d024fda1c3b849fa46ff76e13847c80c817eb348 6.29MB / 9.54MB 2.7s
2026-03-24 15:32:07  #6 sha256:d1520cba0de0cbb68322179eae231685198beddaeca9b37fc68f2f9c0f374130 10.49MB / 42.11MB 3.0s
2026-03-24 15:32:07  #6 sha256:cb0e99e1c6279c9f179f7976d024fda1c3b849fa46ff76e13847c80c817eb348 8.39MB / 9.54MB 2.9s
2026-03-24 15:32:07  #6 sha256:70ac5a6c9d66af403ff117158f63455a25886811524beb3b2a9b58fe167b3729 45.09MB / 205.49MB 6.0s
2026-03-24 15:32:07  #6 sha256:cb0e99e1c6279c9f179f7976d024fda1c3b849fa46ff76e13847c80c817eb348 9.54MB / 9.54MB 3.0s
2026-03-24 15:32:07  #6 sha256:d1520cba0de0cbb68322179eae231685198beddaeca9b37fc68f2f9c0f374130 15.73MB / 42.11MB 3.3s
2026-03-24 15:32:07  #6 sha256:d1520cba0de0cbb68322179eae231685198beddaeca9b37fc68f2f9c0f374130 19.92MB / 42.11MB 3.5s
2026-03-24 15:32:08  #6 sha256:70ac5a6c9d66af403ff117158f63455a25886811524beb3b2a9b58fe167b3729 56.62MB / 205.49MB 6.5s
2026-03-24 15:32:08  #6 sha256:eb7d9231e3ec0a2d3c682c298fa2ae0815713e1ad90314c4e27c7f9928cf9fcd 20.30MB / 20.30MB 5.1s done
2026-03-24 15:32:08  #6 sha256:d1520cba0de0cbb68322179eae231685198beddaeca9b37fc68f2f9c0f374130 26.21MB / 42.11MB 3.8s
2026-03-24 15:32:08  #6 sha256:cb0e99e1c6279c9f179f7976d024fda1c3b849fa46ff76e13847c80c817eb348 9.54MB / 9.54MB 3.7s done
2026-03-24 15:32:08  #6 sha256:22b37da5853a24b299827489e955a93c66cb1554ed5c7bde43f43bef67882ee7 0B / 1.88kB 0.2s
2026-03-24 15:32:08  #6 sha256:70ac5a6c9d66af403ff117158f63455a25886811524beb3b2a9b58fe167b3729 68.16MB / 205.49MB 6.9s
2026-03-24 15:32:08  #6 sha256:d1520cba0de0cbb68322179eae231685198beddaeca9b37fc68f2f9c0f374130 30.41MB / 42.11MB 4.1s
2026-03-24 15:32:08  #6 sha256:d1520cba0de0cbb68322179eae231685198beddaeca9b37fc68f2f9c0f374130 34.60MB / 42.11MB 4.2s
2026-03-24 15:32:08  #6 sha256:22b37da5853a24b299827489e955a93c66cb1554ed5c7bde43f43bef67882ee7 1.88kB / 1.88kB 0.5s done
2026-03-24 15:32:08  #6 sha256:d1520cba0de0cbb68322179eae231685198beddaeca9b37fc68f2f9c0f374130 37.75MB / 42.11MB 4.4s
2026-03-24 15:32:09  #6 sha256:70ac5a6c9d66af403ff117158f63455a25886811524beb3b2a9b58fe167b3729 79.69MB / 205.49MB 7.5s
2026-03-24 15:32:09  #6 sha256:d1520cba0de0cbb68322179eae231685198beddaeca9b37fc68f2f9c0f374130 41.94MB / 42.11MB 4.7s
2026-03-24 15:32:09  #6 extracting sha256:22b37da5853a24b299827489e955a93c66cb1554ed5c7bde43f43bef67882ee7
2026-03-24 15:32:09  #6 sha256:70ac5a6c9d66af403ff117158f63455a25886811524beb3b2a9b58fe167b3729 90.18MB / 205.49MB 8.0s
2026-03-24 15:32:09  #6 extracting sha256:22b37da5853a24b299827489e955a93c66cb1554ed5c7bde43f43bef67882ee7 0.3s done
2026-03-24 15:32:09  #6 extracting sha256:cb0e99e1c6279c9f179f7976d024fda1c3b849fa46ff76e13847c80c817eb348
2026-03-24 15:32:09  #6 sha256:d1520cba0de0cbb68322179eae231685198beddaeca9b37fc68f2f9c0f374130 42.11MB / 42.11MB 5.2s done
2026-03-24 15:32:09  #6 sha256:70ac5a6c9d66af403ff117158f63455a25886811524beb3b2a9b58fe167b3729 100.66MB / 205.49MB 8.4s
2026-03-24 15:32:10  #6 sha256:70ac5a6c9d66af403ff117158f63455a25886811524beb3b2a9b58fe167b3729 113.25MB / 205.49MB 9.0s
2026-03-24 15:32:10  #6 sha256:70ac5a6c9d66af403ff117158f63455a25886811524beb3b2a9b58fe167b3729 123.73MB / 205.49MB 9.5s
2026-03-24 15:32:11  #6 sha256:70ac5a6c9d66af403ff117158f63455a25886811524beb3b2a9b58fe167b3729 136.31MB / 205.49MB 10.1s
2026-03-24 15:32:12  #6 sha256:70ac5a6c9d66af403ff117158f63455a25886811524beb3b2a9b58fe167b3729 146.80MB / 205.49MB 10.5s
2026-03-24 15:32:12  #6 sha256:70ac5a6c9d66af403ff117158f63455a25886811524beb3b2a9b58fe167b3729 159.38MB / 205.49MB 11.1s
2026-03-24 15:32:13  #6 sha256:70ac5a6c9d66af403ff117158f63455a25886811524beb3b2a9b58fe167b3729 170.92MB / 205.49MB 11.6s
2026-03-24 15:32:13  #6 sha256:70ac5a6c9d66af403ff117158f63455a25886811524beb3b2a9b58fe167b3729 182.45MB / 205.49MB 12.2s
2026-03-24 15:32:14  #6 sha256:70ac5a6c9d66af403ff117158f63455a25886811524beb3b2a9b58fe167b3729 192.94MB / 205.49MB 12.6s
2026-03-24 15:32:14  #6 sha256:70ac5a6c9d66af403ff117158f63455a25886811524beb3b2a9b58fe167b3729 203.42MB / 205.49MB 13.1s
2026-03-24 15:32:15  #6 sha256:70ac5a6c9d66af403ff117158f63455a25886811524beb3b2a9b58fe167b3729 205.49MB / 205.49MB 13.5s done
2026-03-24 15:32:21  #6 extracting sha256:cb0e99e1c6279c9f179f7976d024fda1c3b849fa46ff76e13847c80c817eb348 12.2s done
2026-03-24 15:32:21  #6 DONE 25.0s
2026-03-24 15:32:21  
2026-03-24 15:32:21  #6 [1/4] FROM docker.io/n8nio/n8n:latest@sha256:72e962537379dcefeb63a01397a099576e2e89a365f5a75efb8a5ad5bc5cff6a
2026-03-24 15:32:21  #6 extracting sha256:59ef0fb7d7f58d27a2822b6ee56dad470f536816489bb53699a6dd5616786065 0.0s done
2026-03-24 15:32:21  #6 extracting sha256:d1520cba0de0cbb68322179eae231685198beddaeca9b37fc68f2f9c0f374130
2026-03-24 15:32:24  #6 extracting sha256:d1520cba0de0cbb68322179eae231685198beddaeca9b37fc68f2f9c0f374130 3.1s done
2026-03-24 15:32:24  #6 DONE 28.1s
2026-03-24 15:32:24  
2026-03-24 15:32:24  #6 [1/4] FROM docker.io/n8nio/n8n:latest@sha256:72e962537379dcefeb63a01397a099576e2e89a365f5a75efb8a5ad5bc5cff6a
2026-03-24 15:32:24  #6 extracting sha256:ea2debf3e1acb14483f60559fcce6815c379fde9ef24d2b71ee4da2ad75773f6
2026-03-24 15:34:21  #6 extracting sha256:ea2debf3e1acb14483f60559fcce6815c379fde9ef24d2b71ee4da2ad75773f6 117.3s done
2026-03-24 15:34:21  #6 DONE 145.4s
2026-03-24 15:34:22  
2026-03-24 15:34:22  #6 [1/4] FROM docker.io/n8nio/n8n:latest@sha256:72e962537379dcefeb63a01397a099576e2e89a365f5a75efb8a5ad5bc5cff6a
2026-03-24 15:34:22  #6 extracting sha256:81d49b7a1dbbd8d1f00e0d57179b6c8a7a4d369ed32443fef2e01c3f3e6052f0 0.1s done
2026-03-24 15:34:22  #6 extracting sha256:eb7d9231e3ec0a2d3c682c298fa2ae0815713e1ad90314c4e27c7f9928cf9fcd
2026-03-24 15:34:25  #6 extracting sha256:eb7d9231e3ec0a2d3c682c298fa2ae0815713e1ad90314c4e27c7f9928cf9fcd 3.7s done
2026-03-24 15:34:25  #6 DONE 149.1s
2026-03-24 15:34:25  
2026-03-24 15:34:25  #6 [1/4] FROM docker.io/n8nio/n8n:latest@sha256:72e962537379dcefeb63a01397a099576e2e89a365f5a75efb8a5ad5bc5cff6a
2026-03-24 15:34:25  #6 extracting sha256:4f4fb700ef54461cfa02571ae0db9a0dc1e0cdb5577484a6d75e68dc38e8acc1 0.1s done
2026-03-24 15:34:25  #6 DONE 149.2s
2026-03-24 15:34:26  
2026-03-24 15:34:26  #6 [1/4] FROM docker.io/n8nio/n8n:latest@sha256:72e962537379dcefeb63a01397a099576e2e89a365f5a75efb8a5ad5bc5cff6a
2026-03-24 15:34:26  #6 extracting sha256:4f4fb700ef54461cfa02571ae0db9a0dc1e0cdb5577484a6d75e68dc38e8acc1 0.1s done
2026-03-24 15:34:26  #6 extracting sha256:70ac5a6c9d66af403ff117158f63455a25886811524beb3b2a9b58fe167b3729
2026-03-24 15:35:52  #6 extracting sha256:70ac5a6c9d66af403ff117158f63455a25886811524beb3b2a9b58fe167b3729 87.1s done
2026-03-24 15:35:52  #6 DONE 236.4s
2026-03-24 15:35:53  
2026-03-24 15:35:53  #6 [1/4] FROM docker.io/n8nio/n8n:latest@sha256:72e962537379dcefeb63a01397a099576e2e89a365f5a75efb8a5ad5bc5cff6a
2026-03-24 15:35:53  #6 extracting sha256:71efeaf70ae1ce6de3fb6fe7c53a2bb0e1e1f7ba15d93d947faf7c8195885b72
2026-03-24 15:36:05  #6 extracting sha256:71efeaf70ae1ce6de3fb6fe7c53a2bb0e1e1f7ba15d93d947faf7c8195885b72 12.9s done
2026-03-24 15:36:05  #6 extracting sha256:eb25b8b97ead62b7b64b30b02a68e936bedbf4a830287ddb322a63b755e23827
2026-03-24 15:36:26  #6 extracting sha256:eb25b8b97ead62b7b64b30b02a68e936bedbf4a830287ddb322a63b755e23827 20.9s done
2026-03-24 15:36:26  #6 DONE 270.2s
2026-03-24 15:36:26  
2026-03-24 15:36:26  #7 [2/4] RUN apt-get update &&     apt-get install -y python3 python3-pip python3-venv &&     apt-get clean &&     rm -rf /var/lib/apt/lists/*
2026-03-24 15:36:26  #7 0.105 /bin/sh: apt-get: not found
2026-03-24 15:36:27  #7 ERROR: process "/bin/sh -c apt-get update &&     apt-get install -y python3 python3-pip python3-venv &&     apt-get clean &&     rm -rf /var/lib/apt/lists/*" did not complete successfully: exit code: 127
2026-03-24 15:36:27  ------
2026-03-24 15:36:27   > [2/4] RUN apt-get update &&     apt-get install -y python3 python3-pip python3-venv &&     apt-get clean &&     rm -rf /var/lib/apt/lists/*:
2026-03-24 15:36:27  0.105 /bin/sh: apt-get: not found
2026-03-24 15:36:27  ------
2026-03-24 15:36:27  Dockerfile:8
2026-03-24 15:36:27  --------------------
2026-03-24 15:36:27     7 |     # Install Python and pip using apt-get (the current n8n image is Debian/Ubuntu-based)
2026-03-24 15:36:27     8 | >>> RUN apt-get update && \
2026-03-24 15:36:27     9 | >>>     apt-get install -y python3 python3-pip python3-venv && \
2026-03-24 15:36:27    10 | >>>     apt-get clean && \
2026-03-24 15:36:27    11 | >>>     rm -rf /var/lib/apt/lists/*
2026-03-24 15:36:27    12 |     
2026-03-24 15:36:27  --------------------
2026-03-24 15:36:27  error: failed to solve: process "/bin/sh -c apt-get update &&     apt-get install -y python3 python3-pip python3-venv &&     apt-get clean &&     rm -rf /var/lib/apt/lists/*" did not complete successfully: exit code: 127
2026-03-24 15:36:27  error: exit status 1
